Godot Engine v4.7.2.stable.official.ed1daf0bf - https://godotengine.org

ERROR: Failed to read the root certificate store.
   at: get_system_ca_certificates (platform/windows/os_windows.cpp:2582)
[   0% ] first_scan_filesystem | Started Initialisation du projet (5 steps)
[   0% ] first_scan_filesystem | Analyse de la structure des fichiers…
[  16% ] first_scan_filesystem | Chargement des noms des classes globales…
[  33% ] first_scan_filesystem | Vérification des GDExtensions…
[  50% ] first_scan_filesystem | Création des scripts de chargement automatique…
[  66% ] first_scan_filesystem | Initialisation des extensions…
[  83% ] first_scan_filesystem | Démarrage du scan de fichiers…
[ DONE ] first_scan_filesystem

[   0% ] update_scripts_classes | Started Enregistrement des classes globales… (2 steps)
[   0% ] update_scripts_classes | DiscardPlayController
[  33% ] update_scripts_classes | 
[ DONE ] update_scripts_classes

[   0% ] loading_editor_layout | Started Chargement de l’éditeur (5 steps)
[   0% ] loading_editor_layout | Chargement de la disposition de l’éditeur…
[  16% ] loading_editor_layout | Chargement des docks…
[  33% ] loading_editor_layout | Réouverture des scènes…
[  50% ] loading_editor_layout | Chargement de la disposition de l’éditeur central…
[  66% ] loading_editor_layout | Chargement de la disposition de la fenêtre des plugins…
[  83% ] loading_editor_layout | Disposition de l’éditeur prête.
[ DONE ] loading_editor_layout

