Godot Engine v4.7.2.stable.official.ed1daf0bf - https://godotengine.org

ERROR: Failed to read the root certificate store.
   at: get_system_ca_certificates (platform/windows/os_windows.cpp:2582)
Discard chain: mouse_early
GRAB value=4 hit_self=true selectable=true source=false busy=false
PRESS claimed=false selected_self=false
MOVE dragging=true selected_self=true source=false busy=false selectable=true
GRAB value=3 hit_self=true selectable=true source=true busy=false
PRESS claimed=true selected_self=true
MOVE dragging=true selected_self=true source=true busy=false selectable=true
GRAB value=2 hit_self=false selectable=true source=true busy=false
PRESS claimed=false selected_self=false
MOVE dragging=false selected_self=false source=true busy=false selectable=false
SCRIPT ERROR: Assertion failed: Pointer movement must grab the outgoing card
   at: _grab (res://tests/test_discard_fast_chain.gd:120)
   GDScript backtrace (most recent call first):
       [0] _grab (res://tests/test_discard_fast_chain.gd:120)
SCRIPT ERROR: Assertion failed.
   at: _run (res://tests/test_discard_fast_chain.gd:65)
   GDScript backtrace (most recent call first):
       [0] _run (res://tests/test_discard_fast_chain.gd:65)
       [1] _grab (res://tests/test_discard_fast_chain.gd:120)
